// Jest Snapshot v1, https://goo.gl/fbAQLP

exports[`PokemonPage Component Debe hacer match con el snapshot 1`] = `<h1>Cargando...</h1>`;

exports[`PokemonPage Component Debe hacer match con el snapshot cuando cargan los Pokémon 1`] = `
<div>
  <h1>¿Quién es este Pokémon?</h1>
  <pokemon-picture-stub pokemonid="5" showpokemon="false"></pokemon-picture-stub>
  <pokemon-options-stub pokemongroup="[object Object],[object Object],[object Object],[object Object]"></pokemon-options-stub>
  <!--v-if-->
</div>
`;
